
> incident-operations-portal@0.1.0 build
> ng build

npm : [1m[33mWorkspace extension with invalid name (defaultProject) 
found.[39m[22m
At line:1 char:28
+ :NG_CLI_ANALYTICS='false'; npm run build *> build-output.txt; =; Get- ...
+                            ~~~~~~~~~~~~~~~~~~~~~~~~~~~~~~~~~
    + CategoryInfo          : NotSpecified: ([1m[33mWorksp...ound.[39m[22m 
   :String) [], RemoteException
    + FullyQualifiedErrorId : NativeCommandError
 
- Generating browser application bundles (phase: setup)...
Ô£ö Browser application bundle generation complete.
Ô£ö Browser application bundle generation complete.
- Copying assets...
Ô£ö Copying assets complete.
- Generating index html...
Ô£ö Index html generation complete.

[1mInitial chunk files[22m          [2m | [22m[1mNames[22m        [2m | [22m [1mRaw size[22m[2m | [22m[1mEstimated transfer size[22m
[32mmain.a1698116983bc826.js[39m     [2m | [22m[2mmain[22m         [2m | [22m[36m125.97 kB[39m[2m | [22m               [36m36.83 kB[39m
[32mpolyfills.b3dbd6c0e99a6a08.js[39m[2m | [22m[2mpolyfills[22m    [2m | [22m [36m34.88 kB[39m[2m | [22m               [36m11.33 kB[39m
[32mruntime.3446443ff22d0ed3.js[39m  [2m | [22m[2mruntime[22m      [2m | [22m[36m930 bytes[39m[2m | [22m              [36m524 bytes[39m
[32mstyles.08ab59b73722241e.css[39m  [2m | [22m[2mstyles[22m       [2m | [22m[36m638 bytes[39m[2m | [22m              [36m349 bytes[39m

[1m [22m                            [2m | [22m[1mInitial total[22m[2m | [22m[1m162.41 kB[22m[2m | [22m               [1m49.03 kB[22m

Build at: 2026-05-21T17:26:52.334Z - Hash: 12227403bea7866e - Time: 24711ms
